<html>
<body>
<pre>
<h1>µVision Build Log</h1>
<h2>Project:</h2>
C:\Users\Mark\Desktop\Senior Design\Lab11.uvproj
Project File Date:  10/27/2019

<h2>Output:</h2>
Rebuild target 'Lab11'
assembling startup.s...
compiling UART.c...
compiling main.c...
compiling PLL.c...
compiling ADCSWTrigger.c...
compiling PWM.c...
linking...
Program Size: Code=1964 RO-data=32 RW-data=16 ZI-data=1120  
".\Lab11.axf" - 0 Error(s), 0 Warning(s).
Load "C:\\Users\\Mark\\Desktop\\Senior Design\\Lab11.axf" 
Connecting: Mode=JTAG, Speed=1000000Hz
Erase Done.
Programming Done.
Verify OK.
</pre>
</body>
</html>
ing PWM.c...
".\Lab11.axf" - 1 Error(s), 1 Warning(s).
Target not created
Load "C:\\Users\\Mark\\Desktop\\Senior Design\\Lab11.axf" 
_____^
*** error 56: cannot open file
Error: Flash Download failed  -  Could not load file 'C:\Users\Mark\Desktop\Senior Design\Lab11.axf'
num[5];
main.c(66): warning:  #223-D: function "itoa" declared implicitly
                itoa(num, snum, 16);
main.c(70): error:  #268: declaration may not appear after executable statement in block
                char str[RPM];
main.c(70): error:  #28: expression must have a constant value
                char str[RPM];
main.c: 1 warning, 4 errors
"main.c" - 4 Error(s), 1 Warning(s).
