<html>
<body>
<pre>
<h1>µVision Build Log</h1>
<h2>Project:</h2>
C:\Users\Mark\Documents\King_Pong\tm4c\RPM_Reading\Lab11.uvproj
Project File Date:  11/24/2019

<h2>Output:</h2>
Rebuild target 'Lab11'
assembling startup.s...
compiling UART.c...
compiling main.c...
compiling PLL.c...
compiling ADCSWTrigger.c...
compiling PWM.c...
compiling SysTick.c...
compiling PID.c...
compiling UART_Pi.c...
linking...
Program Size: Code=5440 RO-data=32 RW-data=56 ZI-data=1120  
".\Lab11.axf" - 0 Error(s), 0 Warning(s).
Load "C:\\Users\\Mark\\Documents\\King_Pong\\tm4c\\RPM_Reading\\Lab11.axf" 
Connecting: Mode=JTAG, Speed=1000000Hz
Erase Done.
Programming Done.
Verify OK.
