<html>
<body>
<pre>
<h1>µVision Build Log</h1>
<h2>Project:</h2>
C:\Users\Mark\Desktop\today1811\Lab11.uvproj
Project File Date:  11/24/2019

<h2>Output:</h2>
Rebuild target 'Lab11'
assembling startup.s...
compiling UART.c...
compiling main.c...
main.c(37): warning:  #550-D: variable "KEY" was set but never used
        unsigned char KEY;
main.c(38): warning:  #550-D: variable "key" was set but never used
        unsigned int key;
main.c: 2 warnings, 0 errors
compiling PLL.c...
compiling ADCSWTrigger.c...
compiling PWM.c...
compiling SysTick.c...
compiling PID.c...
linking...
Program Size: Code=2196 RO-data=32 RW-data=32 ZI-data=1120  
".\Lab11.axf" - 0 Error(s), 2 Warning(s).
Load "C:\\Users\\Mark\\Desktop\\today1811\\Lab11.axf" 
Connecting: Mode=JTAG, Speed=1000000Hz
Erase Done.
Programming Done.
Verify OK.
</pre>
</body>
</html>
rget DLL has been cancelled
