<html>
<body>
<pre>
<h1>µVision Build Log</h1>
<h2>Project:</h2>
C:\Users\Rosswell\Documents\King_Pong\tm4c\PWM_FAN_Hardware\PWM_LED.uvproj
Project File Date:  09/05/2018

<h2>Output:</h2>
Rebuild target 'PWM_LED'
compiling main.c...
main.c(3): warning:  #1295-D: Deprecated declaration Led_Init - give arg types
  void Led_Init();
main.c(4): warning:  #1295-D: Deprecated declaration B_Init - give arg types
  void B_Init();
main.c(5): warning:  #1295-D: Deprecated declaration Switch_Init - give arg types
  void Switch_Init();
main.c(115): warning:  #1-D: last line of file ends without a newline
  // PF4 
main.c: 4 warnings, 0 errors
assembling startup.s...
linking...
Program Size: Code=2564 RO-data=2064 RW-data=52 ZI-data=1756  
".\PWM_LED.axf" - 0 Error(s), 4 Warning(s).
Load "C:\\Users\\Rosswell\\Documents\\King_Pong\\tm4c\\PWM_FAN_Hardware\\PWM_LED.axf" 
Connecting: Mode=JTAG, Speed=1000000Hz
Erase Done.
Programming Done.
Verify OK.

Error: Flash Download failed  -  Could not load file 'C:\Users\Rosswell\Documents\King_Pong\tm4c\PWM_FAN_Hardware\PWM_LED.axf'
