<html>
<body>
<pre>
<h1>µVision Build Log</h1>
<h2>Project:</h2>
C:\Users\trieu\Desktop\CECS490A\King_Pong\tm4c\PWM_LED_Hardware\PWM_LED.uvproj
Project File Date:  10/27/2019

<h2>Output:</h2>
Rebuild target 'PWM_LED'
compiling main.c...
main.c(49): warning:  #1295-D: Deprecated declaration Led_Init - give arg types
  void Led_Init();
main.c(50): warning:  #1295-D: Deprecated declaration Switch_Init - give arg types
  void Switch_Init();
main.c: 2 warnings, 0 errors
assembling startup.s...
linking...
Program Size: Code=2572 RO-data=2064 RW-data=52 ZI-data=1756  
".\PWM_LED.axf" - 0 Error(s), 2 Warning(s).
</pre>
</body>
</html>
