<html>
<body>
<pre>
<h1>µVision Build Log</h1>
<h2>Project:</h2>
C:\Users\trieu\Downloads\RPM_PID - Working-20191201T003049Z-001\RPM_PID - Working\Lab11.uvproj
Project File Date:  11/30/2019

<h2>Output:</h2>
Rebuild target 'Lab11'
assembling startup.s...
compiling UART.c...
compiling main.c...
main.c(176): warning:  #1-D: last line of file ends without a newline
  }                             
main.c: 1 warning, 0 errors
compiling PLL.c...
compiling ADCSWTrigger.c...
compiling PWM.c...
compiling SysTick.c...
compiling PID.c...
compiling UART_Pi.c...
linking...
Program Size: Code=5580 RO-data=32 RW-data=32 ZI-data=1120  
".\Lab11.axf" - 0 Error(s), 1 Warning(s).
Load "C:\\Users\\trieu\\Downloads\\RPM_PID - Working-20191201T003049Z-001\\RPM_PID - Working\\Lab11.axf" 
Connecting: Mode=JTAG, Speed=1000000Hz
Erase Done.
Programming Done.
Verify OK.
Load "C:\\Users\\trieu\\Downloads\\RPM_PID - Working-20191201T003049Z-001\\RPM_PID - Working\\Lab11.axf" 
Connecting: Mode=JTAG, Speed=1000000Hz
Erase Done.
Programming Done.
Verify OK.
