<html>
<body>
<pre>
<h1>µVision Build Log</h1>
<h2>Project:</h2>
C:\Users\trieu\Desktop\CECS490A\King_Pong\tm4c\uart and pwm working\Lab11.uvproj
Project File Date:  10/28/2019

<h2>Output:</h2>
Rebuild target 'Lab11'
assembling startup.s...
compiling UART.c...
compiling main.c...
compiling PLL.c...
compiling ADCSWTrigger.c...
compiling PWM.c...
linking...
Program Size: Code=2264 RO-data=32 RW-data=8 ZI-data=1120  
".\Lab11.axf" - 0 Error(s), 0 Warning(s).
Load "C:\\Users\\trieu\\Desktop\\CECS490A\\King_Pong\\tm4c\\uart and pwm working\\Lab11.axf" 
Connecting: Mode=JTAG, Speed=1000000Hz
Erase Done.
Programming Done.
Verify OK.
</pre>
</body>
</html>
